// Jest Snapshot v1, https://goo.gl/fbAQLP

exports[`renders Card 1`] = `
<div
  className={undefined}
>
  <img
    alt="Jelly Fish"
    className={undefined}
    src="https://source.unsplash.com/ngcX09jzLE0/800x533"
  />
  <div
    className={undefined}
  >
    <p
      className={undefined}
    >
      Movements living a fully ethical life silo emerging justice, benefit corporation do-gooder program areas changemaker inspire society black lives matter the resistance uplift.
    </p>
  </div>
</div>
`;
